// Jest Snapshot v1, https://goo.gl/fbAQLP

exports[`Crafting Generator Class should output shaped with spaces 1`] = `
Object {
  "key": Object {
    "#": Object {
      "item": "minecraft:dirt",
    },
  },
  "pattern": Array [
    "   ",
    " ##",
    " ##",
  ],
  "result": Object {
    "count": 1,
    "item": "minecraft:stone",
  },
  "type": "minecraft:crafting_shaped",
}
`;

exports[`Crafting Generator Class should output shaped without spaces 1`] = `
Object {
  "key": Object {
    "#": Object {
      "item": "minecraft:dirt",
    },
  },
  "pattern": Array [
    "##",
    "##",
  ],
  "result": Object {
    "count": 1,
    "item": "minecraft:stone",
  },
  "type": "minecraft:crafting_shaped",
}
`;

exports[`Crafting Generator Class should output shapeless 1`] = `
Object {
  "ingredients": Array [
    Object {
      "item": "minecraft:dirt",
    },
    Object {
      "item": "minecraft:dirt",
    },
    Object {
      "item": "minecraft:dirt",
    },
    Object {
      "item": "minecraft:dirt",
    },
  ],
  "result": Object {
    "count": 1,
    "item": "minecraft:stone",
  },
  "type": "minecraft:crafting_shapeless",
}
`;

exports[`Crafting Generator Class should output smelting recipe 1`] = `
Object {
  "cookingtime": 1000,
  "experience": 1000,
  "ingredient": Object {
    "item": "minecraft:dirt",
  },
  "result": "minecraft:stone",
  "type": "minecraft:smelting",
}
`;

exports[`Crafting Generator Class should output stonecutter recipe 1`] = `
Object {
  "count": 1,
  "ingredient": Object {
    "item": "minecraft:dirt",
  },
  "result": "minecraft:stone",
  "type": "minecraft:stonecutting",
}
`;
